// Jest Snapshot v1, https://goo.gl/fbAQLP

exports[`Textarea should render correctly 1`] = `
<div>
  <textarea />
  <div
    className="input-invalid"
  />
</div>
`;
