// Jest Snapshot v1, https://goo.gl/fbAQLP

exports[`NotFoundPage component should render correctly 1`] = `
<p>
  Not found 
</p>
`;
